error: unexpected token
 --> tests/rfc9535_compile_tests/basic/fails/41_root_node_identifier_in_brackets_without_filter_selector.rs:9:25
  |
9 |         json_query! ( $[$.a] ),
  |                         ^
